---
title: Young GC 日志解析
tags:
  - jvm
  - young gc
categories:
  - jvm
  - 实战笔记
keywords: 
date: 2019-08-14
updated: 2019-10-31
description: 
top_img:

---



1. 运行程序后会在本地生成 gc.log 文件

   ```
   Java HotSpot(TM) 64-Bit Server VM (25.181-b13) for windows-amd64 JRE (1.8.0_181-b13), built on Jul  7 2018 04:01:33 by "java_re" with MS VC++ 10.0 (VS2010)
   Memory: 4k page, physical 16658532k(6959820k free), swap 20713864k(4058128k free)
   CommandLine flags: -XX:InitialHeapSize=10485760 -XX:MaxHeapSize=10485760 -XX:MaxNewSize=5242880 -XX:NewSize=5242880 -XX:OldPLABSize=16 -XX:PretenureSizeThreshold=10485760 -XX:+PrintGC -XX:+PrintGCDetails -XX:+PrintGCTimeStamps -XX:SurvivorRatio=8 -XX:+UseCompressedClassPointers -XX:+UseCompressedOops -XX:+UseConcMarkSweepGC -XX:-UseLargePagesIndividualAllocation -XX:+UseParNewGC 
   0.124: [GC (Allocation Failure) 0.124: [ParNew: 3975K->511K(4608K), 0.0018242 secs] 3975K->1677K(9728K), 0.0019644 secs] [Times: user=0.00 sys=0.00, real=0.00 secs] 
   Heap
    par new generation   total 4608K, used 3745K [0x00000000ff600000, 0x00000000ffb00000, 0x00000000ffb00000)
     eden space 4096K,  78% used [0x00000000ff600000, 0x00000000ff928910, 0x00000000ffa00000)
     from space 512K,  99% used [0x00000000ffa80000, 0x00000000ffaffd98, 0x00000000ffb00000)
     to   space 512K,   0% used [0x00000000ffa00000, 0x00000000ffa00000, 0x00000000ffa80000)
    concurrent mark-sweep generation total 5120K, used 1166K [0x00000000ffb00000, 0x0000000100000000, 0x0000000100000000)
    Metaspace       used 3443K, capacity 4496K, committed 4864K, reserved 1056768K
     class space    used 376K, capacity 388K, committed 512K, reserved 1048576K
   ```

2. 解析

   ```
   0.124: [GC (Allocation Failure) 0.124: [ParNew: 3975K->511K(4608K), 0.0018242 secs] 3975K->1677K(9728K), 0.0019644 secs] [Times: user=0.00 sys=0.00, real=0.00 secs] 
   ```

   - GC (Allocation Failure) : 对象分配失败, 发生一次GC

   - 0.124: 系统运行 0.124秒后发生了本次GC
   - ParNew: 3975K->511K(4608K), 0.0018242 secs
     - ParNew 触发的是年轻代 YoungGC, 使用我们的指定的 ParNew 垃圾回收器执行 GC 的
     - 3975K->511K(4608K): 年轻代可用空间 4608 KB(4.5MB) == Eden+1个Survivor区
     - 3975K->511K: 年轻代进行了一次GC, GC之前用了 3975KB, GC完成之后还剩余 511KB存活下来
     - 0.0018242 secs: 本次GC用时
   - 3975K->1677K(9728K) 0.0019644 secs   整个堆内存变化
     - 总堆可用大小9728K(9.5MB), 年轻代4.5MB+老年代5MB
     - GC前整个java堆内存使用了 3975K, GC后Java堆内存使用了 1677K
   - [Times: user=0.00 sys=0.00, real=0.00 secs] 
     - 本次 GC 消耗的时间, 最小单位是小数点后两位, 本次 GC 消耗了几毫秒

   3. 疑惑

      - GC前明明就分配了 三次 [1024 * 1024] 即 3MB ==> 3072K   但是占用了3975K
        - 除了自己创建的对象外, 还会有其他看不见的对象存在, 之后分析堆内存快照

      ```
       par new generation   total 4608K, used 3745K [0x00000000ff600000, 0x00000000ffb00000, 0x00000000ffb00000)
      ```

      - ParNew负责年轻代共 4608K(4.5MB可用内存),  目前使用了 3745K:(2MB对象 900多K未知  511K存活 其他数据)
      - Eden区 存在 2MB对象 900多K未知数据

      ```
      concurrent mark-sweep generation total 5120K, used 1166K [0x00000000ffb00000, 0x0000000100000000, 0x0000000100000000)
      ```

      - Concurrent Mark-Sweep 垃圾回收器  一共是 5MB, 使用了 1166K

        ```
        Metaspace       used 3443K, capacity 4496K, committed 4864K, reserved 1056768K
        ```

        使用  容量  提交 预留

