---
title: 模拟对象进入老年代
tags:
  - jvm
  - gc模拟
categories:
  - jvm
  - 实战笔记
keywords: 
date: 2019-08-15
updated: 2019-10-31
description: 
top_img:

---



JVM参数

```
-XX:NewSize=10485760
-XX:MaxNewSize=10485760
-XX:InitialHeapSize=20971520
-XX:MaxHeapSize=20971520
-XX:SurvivorRatio=8
-XX:MaxTenuringThreshold=15
-XX:PretenureSizeThreshold=10485760
-XX:+UseParNewGC
-XX:+UseConcMarkSweepGC
-XX:+PrintGCDetails
-XX:+PrintGCTimeStamps
-Xloggc:oldgc45.log
```



动态年龄判断  第一次

```
byte[] array1 = new byte[6 * 1024 * 1024];
array1 = null;

byte[] array2 = new byte[513 * 1024];
byte[] array3 = new byte[2 * 1024 * 1024];
```

```
CommandLine flags: -XX:InitialHeapSize=20971520 -XX:MaxHeapSize=20971520 -XX:MaxNewSize=10485760 -XX:MaxTenuringThreshold=15 -XX:NewSize=10485760 -XX:OldPLABSize=16 -XX:PretenureSizeThreshold=10485760 -XX:+PrintGC -XX:+PrintGCDetails -XX:+PrintGCTimeStamps -XX:SurvivorRatio=8 -XX:+UseCompressedClassPointers -XX:+UseCompressedOops -XX:+UseConcMarkSweepGC -XX:+UseParNewGC 
0.094: [GC (Allocation Failure) 0.094: [ParNew: 7611K->533K(9216K), 0.0014786 secs] 7611K->533K(19456K), 0.0015633 secs] [Times: user=0.01 sys=0.00, real=0.00 secs] 
Heap
 par new generation   total 9216K, used 2745K [0x00000007bec00000, 0x00000007bf600000, 0x00000007bf600000)
  eden space 8192K,  27% used [0x00000007bec00000, 0x00000007bee290f0, 0x00000007bf400000)
  from space 1024K,  52% used [0x00000007bf500000, 0x00000007bf585500, 0x00000007bf600000)
  to   space 1024K,   0% used [0x00000007bf400000, 0x00000007bf400000, 0x00000007bf500000)
 concurrent mark-sweep generation total 10240K, used 0K [0x00000007bf600000, 0x00000007c0000000, 0x00000007c0000000)
 Metaspace       used 2944K, capacity 4496K, committed 4864K, reserved 1056768K
  class space    used 323K, capacity 388K, committed 512K, reserved 1048576K
```



动态年龄判断  第二次

```
byte[] array1 = new byte[6 * 1024 * 1024];
array1 = null;

byte[] array2 = new byte[513 * 1024];
byte[] array3 = new byte[2 * 1024 * 1024];

array3 = new byte[2 * 1024 * 1024];
array3 = new byte[2 * 1024 * 1024];
array3 = new byte[128 * 1024];
array3 = null;

byte[] array4 = new byte[2 * 1024 * 1024];
```

```
CommandLine flags: -XX:InitialHeapSize=20971520 -XX:MaxHeapSize=20971520 -XX:MaxNewSize=10485760 -XX:MaxTenuringThreshold=15 -XX:NewSize=10485760 -XX:OldPLABSize=16 -XX:PretenureSizeThreshold=10485760 -XX:+PrintGC -XX:+PrintGCDetails -XX:+PrintGCTimeStamps -XX:SurvivorRatio=8 -XX:+UseCompressedClassPointers -XX:+UseCompressedOops -XX:+UseConcMarkSweepGC -XX:+UseParNewGC 
0.098: [GC (Allocation Failure) 0.099: [ParNew: 8004K->935K(9216K), 0.0010176 secs] 8004K->935K(19456K), 0.0011327 secs] [Times: user=0.00 sys=0.00, real=0.00 secs] 

0.101: [GC (Allocation Failure) 0.101: [ParNew: 7321K->76K(9216K), 0.0038294 secs] 7321K->972K(19456K), 0.0038871 secs] [Times: user=0.01 sys=0.00, real=0.00 secs]
Heap
 par new generation   total 9216K, used 2261K [0x00000007bec00000, 0x00000007bf600000, 0x00000007bf600000)
  eden space 8192K,  26% used [0x00000007bec00000, 0x00000007bee22438, 0x00000007bf400000)
  from space 1024K,   7% used [0x00000007bf400000, 0x00000007bf413380, 0x00000007bf500000)
  to   space 1024K,   0% used [0x00000007bf500000, 0x00000007bf500000, 0x00000007bf600000)
 concurrent mark-sweep generation total 10240K, used 895K [0x00000007bf600000, 0x00000007c0000000, 0x00000007c0000000)
 Metaspace       used 3009K, capacity 4496K, committed 4864K, reserved 1056768K
  class space    used 328K, capacity 388K, committed 512K, reserved 1048576K
```

```
0.101: [GC (Allocation Failure) 0.101: [ParNew: 7321K->76K(9216K), 0.0038294 secs] 7321K->972K(19456K), 0.0038871 secs] [Times: user=0.01 sys=0.00, real=0.00 secs]
```

```
 concurrent mark-sweep generation total 10240K, used 895K [0x00000007bf600000, 0x00000007c0000000, 0x00000007c0000000)
```

```
对象进入老年代
```

