---
title: Full GC 日志
tags:
  - jvm
  - full gc
categories:
  - jvm
  - 实战笔记
keywords: 
date: 2019-08-17
updated: 2019-10-31
description: 
top_img:

---



程序代码

```
byte[] array1 = new byte[4 * 1024 * 1024];
array1 = null;

byte[] array2 = new byte[2 * 1024 * 1024];
byte[] array3 = new byte[2 * 1024 * 1024];
byte[] array4 = new byte[2 * 1024 * 1024];
byte[] array5 = new byte[128 * 1024];

byte[] array6 = new byte[2 * 1024 * 1024];
```



JVM 参数

```
-XX:NewSize=10485760
-XX:MaxNewSize=10485760
-XX:InitialHeapSize=20971520
-XX:MaxHeapSize=20971520
-XX:SurvivorRatio=8
-XX:MaxTenuringThreshold=15
-XX:PretenureSizeThreshold=3145728
-XX:+UseParNewGC
-XX:+UseConcMarkSweepGC
-XX:+PrintGCDetails
-XX:+PrintGCTimeStamps
-Xloggc:bigoldobjectgc.log
```

其中: 

```
-XX:PretenureSizeThreshold=3145728  // 设置大对象 3MB, 超过直接进入老年代
```



GC 日志

```
0.103: [GC (Allocation Failure) 0.103: [ParNew (promotion failed): 7807K->8350K(9216K), 0.0039507 secs]0.107: [CMS: 8194K->6651K(10240K), 0.0029284 secs] 11903K->6651K(19456K), [Metaspace: 3005K->3005K(1056768K)], 0.0070012 secs] [Times: user=0.02 sys=0.00, real=0.01 secs] 
Heap
 par new generation   total 9216K, used 2214K [0x00000007bec00000, 0x00000007bf600000, 0x00000007bf600000)
  eden space 8192K,  27% used [0x00000007bec00000, 0x00000007bee29818, 0x00000007bf400000)
  from space 1024K,   0% used [0x00000007bf500000, 0x00000007bf500000, 0x00000007bf600000)
  to   space 1024K,   0% used [0x00000007bf400000, 0x00000007bf400000, 0x00000007bf500000)
 concurrent mark-sweep generation total 10240K, used 6651K [0x00000007bf600000, 0x00000007c0000000, 0x00000007c0000000)
 Metaspace       used 3033K, capacity 4496K, committed 4864K, reserved 1056768K
  class space    used 332K, capacity 388K, committed 512K, reserved 1048576K
```



**分析**

```
byte[] array1 = new byte[4 * 1024 * 1024];
```

分配的 4 MB 对象直接进入老年代, array1 便不再引用, 即此时这 4 MB 对象垃圾对象



```
byte[] array2 = new byte[2 * 1024 * 1024];
byte[] array3 = new byte[2 * 1024 * 1024];
byte[] array4 = new byte[2 * 1024 * 1024];
byte[] array5 = new byte[128 * 1024];

byte[] array6 = new byte[2 * 1024 * 1024];
```

Eden 区 8MB, 此时最后放入 2MB 对象时发生 Young GC



```
0.103: [ParNew (promotion failed): 7807K->8350K(9216K), 0.0039507 secs]
```

此时 Young GC 一个对象都回收不掉, 因为都被引用了  ==> 直接把这些对象放入老年代

Old 区已有一个 4MB 大对象,  再依次放入

```
byte[] array2 = new byte[2 * 1024 * 1024];
byte[] array3 = new byte[2 * 1024 * 1024];
byte[] array4 = new byte[2 * 1024 * 1024];
byte[] array5 = new byte[128 * 1024];
```



Old 区 放不下 3 个 2MB 的数组加 128KB 的数组  

Old 区放入 2 个 2MB 数组, 再放入 2MB 数组 和 128 KB 数组时, Old 区大小不够  ==>  发生OldGC

```
0.107: [CMS: 8194K->6651K(10240K), 0.0029284 secs] 11903K->6651K(19456K), 
[Metaspace: 3005K->3005K(1056768K)], 0.0070012 secs
```

Old 区从 8194KB 发生 GC, 即回收掉那个 4MB 大对象, 再放入 2MB 数组 和 128 KB 数组   ==>  6651KB



OldGC 完成后, 此时 Eden 区 有足够的空间存放 待分配空间的 2MB 数组

```
eden space 8192K,  27% used
from space 1024K,   0% used
to   space 1024K,   0% used
```





